../Core/Src/main.c:68:7:Calc_RPM	24	static
../Core/Src/main.c:84:6:CAN_Send_RPM	16	static
../Core/Src/main.c:113:5:main	72	static
../Core/Src/main.c:206:6:SystemClock_Config	72	static
../Core/Src/main.c:229:13:MX_CAN_Init	8	static
../Core/Src/main.c:255:13:MX_TIM1_Init	56	static
../Core/Src/main.c:291:13:MX_TIM2_Init	56	static
../Core/Src/main.c:326:13:MX_TIM3_Init	56	static
../Core/Src/main.c:361:13:MX_TIM4_Init	80	static
../Core/Src/main.c:403:13:MX_USART3_UART_Init	8	static
../Core/Src/main.c:425:13:MX_GPIO_Init	40	static
../Core/Src/main.c:470:5:__io_putchar	16	static
../Core/Src/main.c:477:6:Error_Handler	4	static,ignoring_inline_asm
