00:32:07 **** Incremental Build of configuration Debug for project ICON_STM32A ****
make -j8 all 
arm-none-eabi-gcc "../Core/Src/main.c" -mcpu=cortex-m3 -std=gnu11 -g3 -DDEBUG -DUSE_HAL_DRIVER -DSTM32F103xB -c -I../Core/Inc -I../Drivers/STM32F1xx_HAL_Driver/Inc -I../Drivers/STM32F1xx_HAL_Driver/Inc/Legacy -I../Drivers/CMSIS/Device/ST/STM32F1xx/Include -I../Drivers/CMSIS/Include -O0 -ffunction-sections -fdata-sections -Wall -fstack-usage -fcyclomatic-complexity -MMD -MP -MF"Core/Src/main.d" -MT"Core/Src/main.o" --specs=nano.specs -mfloat-abi=soft -mthumb -o "Core/Src/main.o"
arm-none-eabi-gcc -o "ICON_STM32A.elf" @"objects.list"   -mcpu=cortex-m3 -T"C:\Users\12231\STM32CubeIDE\workspace_2.1.1\ICON_STM32A\STM32F103C8TX_FLASH.ld" --specs=nosys.specs -Wl,-Map="ICON_STM32A.map" -Wl,--gc-sections -static --specs=nano.specs -mfloat-abi=soft -mthumb -Wl,--start-group -lc -lm -Wl,--end-group
Finished building target: ICON_STM32A.elf
 
arm-none-eabi-size  ICON_STM32A.elf 
arm-none-eabi-objdump -h -S ICON_STM32A.elf  > "ICON_STM32A.list"
   text	   data	    bss	    dec	    hex	filename
  18412	    104	   2376	  20892	   519c	ICON_STM32A.elf
Finished building: default.size.stdout
 
Finished building: ICON_STM32A.list
 

00:32:08 Build Finished. 0 errors, 0 warnings. (took 719ms)

